EN controlpath NULL /import/lab/esylab/esylab_01/Desktop/lt16lab/soc/core/controlpath.vhd sub00/vhpl24 1446571602
PH wishbone NULL /import/lab/esylab/esylab_01/Desktop/lt16lab/soc/lib/wishbone.vhd sub00/vhpl04 1446571582
AR controlpath rtl /import/lab/esylab/esylab_01/Desktop/lt16lab/soc/core/controlpath.vhd sub00/vhpl25 1446571603
EN decoder_fsm NULL /import/lab/esylab/esylab_01/Desktop/lt16lab/soc/core/decoder_fsm.vhd sub00/vhpl08 1446571586
AR irq_controller rtl /import/lab/esylab/esylab_01/Desktop/lt16lab/soc/core/irq_controller.vhd sub00/vhpl47 1446571625
AR decoder rtl /import/lab/esylab/esylab_01/Desktop/lt16lab/soc/core/decoder.vhd sub00/vhpl27 1446571605
AR core rtl /import/lab/esylab/esylab_01/Desktop/lt16lab/soc/core/core.vhd sub00/vhpl37 1446571615
AR wb_intercon rtl /import/lab/esylab/esylab_01/Desktop/lt16lab/soc/top/wb_intercon.vhd sub00/vhpl49 1446571627
PH config NULL /import/lab/esylab/esylab_01/Desktop/lt16lab/soc/lib/config.vhd sub00/vhpl20 1446571598
AR programcounter rtl /import/lab/esylab/esylab_01/Desktop/lt16lab/soc/core/programcounter.vhd sub00/vhpl29 1446571607
AR decoder_32bit rtl /import/lab/esylab/esylab_01/Desktop/lt16lab/soc/core/decoder_32bit.vhd sub00/vhpl13 1446571591
AR core2wb behavioral /import/lab/esylab/esylab_01/Desktop/lt16lab/soc/core/core2wb.vhd sub00/vhpl39 1446571617
EN lt16soc_top NULL /import/lab/esylab/esylab_01/Desktop/lt16lab/soc/top/top.vhd sub00/vhpl56 1446571634
EN blockram NULL /import/lab/esylab/esylab_01/Desktop/lt16lab/soc/mem/blockram.vhd sub00/vhpl30 1446571608
AR datapath rtl /import/lab/esylab/esylab_01/Desktop/lt16lab/soc/core/datapath.vhd sub00/vhpl23 1446571601
EN datapath NULL /import/lab/esylab/esylab_01/Desktop/lt16lab/soc/core/datapath.vhd sub00/vhpl22 1446571600
EN memwrapper NULL /import/lab/esylab/esylab_01/Desktop/lt16lab/soc/mem/memwrapper.vhd sub00/vhpl50 1446571628
PH lt16soc_memories NULL /import/lab/esylab/esylab_01/Desktop/lt16lab/soc/mem/memories.vhd sub00/vhpl40 1446571618
EN decoder_pre NULL /import/lab/esylab/esylab_01/Desktop/lt16lab/soc/core/decoder_pre.vhd sub00/vhpl06 1446571584
AR blockram syn /import/lab/esylab/esylab_01/Desktop/lt16lab/soc/mem/blockram.vhd sub00/vhpl31 1446571609
EN irq_controller NULL /import/lab/esylab/esylab_01/Desktop/lt16lab/soc/core/irq_controller.vhd sub00/vhpl46 1446571624
EN corewrapper NULL /import/lab/esylab/esylab_01/Desktop/lt16lab/soc/core/corewrapper.vhd sub00/vhpl44 1446571622
AR decoder_fsm rtl /import/lab/esylab/esylab_01/Desktop/lt16lab/soc/core/decoder_fsm.vhd sub00/vhpl09 1446571587
PB wishbone wishbone /import/lab/esylab/esylab_01/Desktop/lt16lab/soc/lib/wishbone.vhd sub00/vhpl05 1446571583
AR wb_dmem behavioral /import/lab/esylab/esylab_01/Desktop/lt16lab/soc/mem/dmem.vhd sub00/vhpl53 1446571631
AR memdiv rtl /import/lab/esylab/esylab_01/Desktop/lt16lab/soc/mem/memdiv.vhd sub00/vhpl33 1446571611
AR decoder_16bit rtl /import/lab/esylab/esylab_01/Desktop/lt16lab/soc/core/decoder_16bit.vhd sub00/vhpl11 1446571589
PH lt16soc_peripherals NULL /import/lab/esylab/esylab_01/Desktop/lt16lab/soc/peripheral/peripherals.vhd sub00/vhpl42 1446571620
AR mem2wb behavioral /import/lab/esylab/esylab_01/Desktop/lt16lab/soc/mem/mem2wb.vhd sub00/vhpl35 1446571613
PB lt16x32_global lt16x32_global /import/lab/esylab/esylab_01/Desktop/lt16lab/soc/core/lt16x32_global.vhd sub00/vhpl01 1446571579
PB lt16x32_internal lt16x32_internal /import/lab/esylab/esylab_01/Desktop/lt16lab/soc/core/lt16x32_internal.vhd sub00/vhpl03 1446571581
EN decoder_shadow NULL /import/lab/esylab/esylab_01/Desktop/lt16lab/soc/core/decoder_shadow.vhd sub00/vhpl14 1446571592
EN wb_dmem NULL /import/lab/esylab/esylab_01/Desktop/lt16lab/soc/mem/dmem.vhd sub00/vhpl52 1446571630
PB lt16soc_peripherals lt16soc_peripherals /import/lab/esylab/esylab_01/Desktop/lt16lab/soc/peripheral/peripherals.vhd sub00/vhpl43 1446571621
AR corewrapper rtl /import/lab/esylab/esylab_01/Desktop/lt16lab/soc/core/corewrapper.vhd sub00/vhpl45 1446571623
EN programcounter NULL /import/lab/esylab/esylab_01/Desktop/lt16lab/soc/core/programcounter.vhd sub00/vhpl28 1446571606
EN mem2wb NULL /import/lab/esylab/esylab_01/Desktop/lt16lab/soc/mem/mem2wb.vhd sub00/vhpl34 1446571612
PH lt16x32_global NULL /import/lab/esylab/esylab_01/Desktop/lt16lab/soc/core/lt16x32_global.vhd sub00/vhpl00 1446571578
PB config config /import/lab/esylab/esylab_01/Desktop/lt16lab/soc/lib/config.vhd sub00/vhpl21 1446571599
AR wb_led behavioral /import/lab/esylab/esylab_01/Desktop/lt16lab/soc/peripheral/led.vhd sub00/vhpl55 1446571633
PB lt16soc_memories lt16soc_memories /import/lab/esylab/esylab_01/Desktop/lt16lab/soc/mem/memories.vhd sub00/vhpl41 1446571619
EN wb_led NULL /import/lab/esylab/esylab_01/Desktop/lt16lab/soc/peripheral/led.vhd sub00/vhpl54 1446571632
AR decoder_shadow rtl /import/lab/esylab/esylab_01/Desktop/lt16lab/soc/core/decoder_shadow.vhd sub00/vhpl15 1446571593
EN core2wb NULL /import/lab/esylab/esylab_01/Desktop/lt16lab/soc/core/core2wb.vhd sub00/vhpl38 1446571616
PH lt16x32_internal NULL /import/lab/esylab/esylab_01/Desktop/lt16lab/soc/core/lt16x32_internal.vhd sub00/vhpl02 1446571580
EN decoder_32bit NULL /import/lab/esylab/esylab_01/Desktop/lt16lab/soc/core/decoder_32bit.vhd sub00/vhpl12 1446571590
EN memdiv NULL /import/lab/esylab/esylab_01/Desktop/lt16lab/soc/mem/memdiv.vhd sub00/vhpl32 1446571610
AR decoder_pre rtl /import/lab/esylab/esylab_01/Desktop/lt16lab/soc/core/decoder_pre.vhd sub00/vhpl07 1446571585
EN decoder NULL /import/lab/esylab/esylab_01/Desktop/lt16lab/soc/core/decoder.vhd sub00/vhpl26 1446571604
AR registerfile rtl /import/lab/esylab/esylab_01/Desktop/lt16lab/soc/core/registerfile.vhd sub00/vhpl17 1446571595
AR alu rtl /import/lab/esylab/esylab_01/Desktop/lt16lab/soc/core/alu.vhd sub00/vhpl19 1446571597
AR lt16soc_top rtl /import/lab/esylab/esylab_01/Desktop/lt16lab/soc/top/top.vhd sub00/vhpl57 1446571635
EN decoder_16bit NULL /import/lab/esylab/esylab_01/Desktop/lt16lab/soc/core/decoder_16bit.vhd sub00/vhpl10 1446571588
AR memwrapper rtl /import/lab/esylab/esylab_01/Desktop/lt16lab/soc/mem/memwrapper.vhd sub00/vhpl51 1446571629
EN registerfile NULL /import/lab/esylab/esylab_01/Desktop/lt16lab/soc/core/registerfile.vhd sub00/vhpl16 1446571594
EN alu NULL /import/lab/esylab/esylab_01/Desktop/lt16lab/soc/core/alu.vhd sub00/vhpl18 1446571596
EN core NULL /import/lab/esylab/esylab_01/Desktop/lt16lab/soc/core/core.vhd sub00/vhpl36 1446571614
EN wb_intercon NULL /import/lab/esylab/esylab_01/Desktop/lt16lab/soc/top/wb_intercon.vhd sub00/vhpl48 1446571626
