V3 115
FL /import/lab/esylab/esylab_01/Desktop/lt16lab/soc/core/alu.vhd 2015/11/03.15:23:31 O.61xd
EN work/alu 1446571596 \
      FL /import/lab/esylab/esylab_01/Desktop/lt16lab/soc/core/alu.vhd \
      PB ieee/std_logic_1164 1308643377 PB ieee/NUMERIC_STD 1308643378 \
      PB work/lt16x32_internal 1446571581
AR work/alu/RTL 1446571597 \
      FL /import/lab/esylab/esylab_01/Desktop/lt16lab/soc/core/alu.vhd \
      EN work/alu 1446571596
FL /import/lab/esylab/esylab_01/Desktop/lt16lab/soc/core/controlpath.vhd 2015/11/03.15:23:31 O.61xd
EN work/controlpath 1446571602 \
      FL /import/lab/esylab/esylab_01/Desktop/lt16lab/soc/core/controlpath.vhd \
      PB ieee/std_logic_1164 1308643377 PB ieee/NUMERIC_STD 1308643378 \
      PB work/lt16x32_internal 1446571581
AR work/controlpath/RTL 1446571603 \
      FL /import/lab/esylab/esylab_01/Desktop/lt16lab/soc/core/controlpath.vhd \
      EN work/controlpath 1446571602
FL /import/lab/esylab/esylab_01/Desktop/lt16lab/soc/core/core.vhd 2015/11/03.15:23:31 O.61xd
EN work/core 1446571614 \
      FL /import/lab/esylab/esylab_01/Desktop/lt16lab/soc/core/core.vhd \
      PB ieee/std_logic_1164 1308643377 PB ieee/NUMERIC_STD 1308643378 \
      PB work/lt16x32_internal 1446571581 PB work/lt16x32_global 1446571579
AR work/core/RTL 1446571615 \
      FL /import/lab/esylab/esylab_01/Desktop/lt16lab/soc/core/core.vhd \
      EN work/core 1446571614 CP datapath CP controlpath CP decoder \
      CP programcounter CP with
FL /import/lab/esylab/esylab_01/Desktop/lt16lab/soc/core/core2wb.vhd 2015/11/03.15:23:31 O.61xd
EN work/core2wb 1446571616 \
      FL /import/lab/esylab/esylab_01/Desktop/lt16lab/soc/core/core2wb.vhd \
      PB ieee/std_logic_1164 1308643377 PB ieee/NUMERIC_STD 1308643378 \
      PB work/lt16x32_internal 1446571581 PB work/lt16x32_global 1446571579 \
      PB work/wishbone 1446571583 PB work/config 1446571599
AR work/core2wb/Behavioral 1446571617 \
      FL /import/lab/esylab/esylab_01/Desktop/lt16lab/soc/core/core2wb.vhd \
      EN work/core2wb 1446571616
FL /import/lab/esylab/esylab_01/Desktop/lt16lab/soc/core/corewrapper.vhd 2015/11/03.15:23:31 O.61xd
EN work/corewrapper 1446571622 \
      FL /import/lab/esylab/esylab_01/Desktop/lt16lab/soc/core/corewrapper.vhd \
      PB ieee/std_logic_1164 1308643377 PB ieee/NUMERIC_STD 1308643378 \
      PB work/lt16x32_internal 1446571581 PB work/lt16x32_global 1446571579 \
      PB work/wishbone 1446571583 PB work/config 1446571599
AR work/corewrapper/RTL 1446571623 \
      FL /import/lab/esylab/esylab_01/Desktop/lt16lab/soc/core/corewrapper.vhd \
      EN work/corewrapper 1446571622 CP core CP core2wb
FL /import/lab/esylab/esylab_01/Desktop/lt16lab/soc/core/datapath.vhd 2015/11/03.15:23:31 O.61xd
EN work/datapath 1446571600 \
      FL /import/lab/esylab/esylab_01/Desktop/lt16lab/soc/core/datapath.vhd \
      PB ieee/std_logic_1164 1308643377 PB ieee/NUMERIC_STD 1308643378 \
      PB work/lt16x32_internal 1446571581 PB work/lt16x32_global 1446571579
AR work/datapath/RTL 1446571601 \
      FL /import/lab/esylab/esylab_01/Desktop/lt16lab/soc/core/datapath.vhd \
      EN work/datapath 1446571600 CP registerfile CP alu CP with
FL /import/lab/esylab/esylab_01/Desktop/lt16lab/soc/core/decoder.vhd 2015/11/03.15:23:31 O.61xd
EN work/decoder 1446571604 \
      FL /import/lab/esylab/esylab_01/Desktop/lt16lab/soc/core/decoder.vhd \
      PB ieee/std_logic_1164 1308643377 PB work/lt16x32_internal 1446571581
AR work/decoder/RTL 1446571605 \
      FL /import/lab/esylab/esylab_01/Desktop/lt16lab/soc/core/decoder.vhd \
      EN work/decoder 1446571604 CP decoder_pre CP decoder_fsm CP decoder_16bit \
      CP decoder_32bit CP decoder_shadow CP with
FL /import/lab/esylab/esylab_01/Desktop/lt16lab/soc/core/decoder_16bit.vhd 2015/11/03.15:23:31 O.61xd
EN work/decoder_16bit 1446571588 \
      FL /import/lab/esylab/esylab_01/Desktop/lt16lab/soc/core/decoder_16bit.vhd \
      PB ieee/std_logic_1164 1308643377 PB ieee/NUMERIC_STD 1308643378 \
      PB work/lt16x32_internal 1446571581
AR work/decoder_16bit/RTL 1446571589 \
      FL /import/lab/esylab/esylab_01/Desktop/lt16lab/soc/core/decoder_16bit.vhd \
      EN work/decoder_16bit 1446571588
FL /import/lab/esylab/esylab_01/Desktop/lt16lab/soc/core/decoder_32bit.vhd 2015/11/03.15:23:31 O.61xd
EN work/decoder_32bit 1446571590 \
      FL /import/lab/esylab/esylab_01/Desktop/lt16lab/soc/core/decoder_32bit.vhd \
      PB ieee/std_logic_1164 1308643377 PB ieee/NUMERIC_STD 1308643378 \
      PB work/lt16x32_internal 1446571581
AR work/decoder_32bit/RTL 1446571591 \
      FL /import/lab/esylab/esylab_01/Desktop/lt16lab/soc/core/decoder_32bit.vhd \
      EN work/decoder_32bit 1446571590
FL /import/lab/esylab/esylab_01/Desktop/lt16lab/soc/core/decoder_fsm.vhd 2015/11/03.15:23:31 O.61xd
EN work/decoder_fsm 1446571586 \
      FL /import/lab/esylab/esylab_01/Desktop/lt16lab/soc/core/decoder_fsm.vhd \
      PB ieee/std_logic_1164 1308643377 PB ieee/NUMERIC_STD 1308643378 \
      PB work/lt16x32_internal 1446571581 PB work/lt16x32_global 1446571579
AR work/decoder_fsm/RTL 1446571587 \
      FL /import/lab/esylab/esylab_01/Desktop/lt16lab/soc/core/decoder_fsm.vhd \
      EN work/decoder_fsm 1446571586
FL /import/lab/esylab/esylab_01/Desktop/lt16lab/soc/core/decoder_pre.vhd 2015/11/03.15:23:31 O.61xd
EN work/decoder_pre 1446571584 \
      FL /import/lab/esylab/esylab_01/Desktop/lt16lab/soc/core/decoder_pre.vhd \
      PB ieee/std_logic_1164 1308643377 PB work/lt16x32_internal 1446571581
AR work/decoder_pre/RTL 1446571585 \
      FL /import/lab/esylab/esylab_01/Desktop/lt16lab/soc/core/decoder_pre.vhd \
      EN work/decoder_pre 1446571584
FL /import/lab/esylab/esylab_01/Desktop/lt16lab/soc/core/decoder_shadow.vhd 2015/11/03.15:23:31 O.61xd
EN work/decoder_shadow 1446571592 \
      FL /import/lab/esylab/esylab_01/Desktop/lt16lab/soc/core/decoder_shadow.vhd \
      PB ieee/std_logic_1164 1308643377 PB ieee/NUMERIC_STD 1308643378 \
      PB work/lt16x32_internal 1446571581
AR work/decoder_shadow/RTL 1446571593 \
      FL /import/lab/esylab/esylab_01/Desktop/lt16lab/soc/core/decoder_shadow.vhd \
      EN work/decoder_shadow 1446571592
FL /import/lab/esylab/esylab_01/Desktop/lt16lab/soc/core/irq_controller.vhd 2015/11/03.15:23:31 O.61xd
EN work/irq_controller 1446571624 \
      FL /import/lab/esylab/esylab_01/Desktop/lt16lab/soc/core/irq_controller.vhd \
      PB ieee/std_logic_1164 1308643377 PB ieee/NUMERIC_STD 1308643378 \
      PB work/lt16x32_global 1446571579
AR work/irq_controller/RTL 1446571625 \
      FL /import/lab/esylab/esylab_01/Desktop/lt16lab/soc/core/irq_controller.vhd \
      EN work/irq_controller 1446571624
FL /import/lab/esylab/esylab_01/Desktop/lt16lab/soc/core/lt16x32_global.vhd 2015/11/03.15:23:31 O.61xd
PH work/lt16x32_global 1446571578 \
      FL /import/lab/esylab/esylab_01/Desktop/lt16lab/soc/core/lt16x32_global.vhd \
      PB ieee/std_logic_1164 1308643377 PB ieee/NUMERIC_STD 1308643378
PB work/lt16x32_global 1446571579 \
      FL /import/lab/esylab/esylab_01/Desktop/lt16lab/soc/core/lt16x32_global.vhd \
      PH work/lt16x32_global 1446571578
FL /import/lab/esylab/esylab_01/Desktop/lt16lab/soc/core/lt16x32_internal.vhd 2015/11/03.15:23:31 O.61xd
PH work/lt16x32_internal 1446571580 \
      FL /import/lab/esylab/esylab_01/Desktop/lt16lab/soc/core/lt16x32_internal.vhd \
      PB ieee/std_logic_1164 1308643377 PB ieee/NUMERIC_STD 1308643378 \
      PB work/lt16x32_global 1446571579
PB work/lt16x32_internal 1446571581 \
      FL /import/lab/esylab/esylab_01/Desktop/lt16lab/soc/core/lt16x32_internal.vhd \
      PH work/lt16x32_internal 1446571580
FL /import/lab/esylab/esylab_01/Desktop/lt16lab/soc/core/programcounter.vhd 2015/11/03.15:23:31 O.61xd
EN work/programcounter 1446571606 \
      FL /import/lab/esylab/esylab_01/Desktop/lt16lab/soc/core/programcounter.vhd \
      PB ieee/std_logic_1164 1308643377 PB ieee/NUMERIC_STD 1308643378 \
      PB work/lt16x32_internal 1446571581
AR work/programcounter/RTL 1446571607 \
      FL /import/lab/esylab/esylab_01/Desktop/lt16lab/soc/core/programcounter.vhd \
      EN work/programcounter 1446571606 CP with
FL /import/lab/esylab/esylab_01/Desktop/lt16lab/soc/core/registerfile.vhd 2015/11/03.15:23:31 O.61xd
EN work/registerfile 1446571594 \
      FL /import/lab/esylab/esylab_01/Desktop/lt16lab/soc/core/registerfile.vhd \
      PB ieee/std_logic_1164 1308643377 PB ieee/NUMERIC_STD 1308643378 \
      PB work/lt16x32_internal 1446571581 PB work/lt16x32_global 1446571579
AR work/registerfile/RTL 1446571595 \
      FL /import/lab/esylab/esylab_01/Desktop/lt16lab/soc/core/registerfile.vhd \
      EN work/registerfile 1446571594 CP true_out CP runtime_priority
FL /import/lab/esylab/esylab_01/Desktop/lt16lab/soc/lib/config.vhd 2015/11/03.15:23:31 O.61xd
PH work/config 1446571598 \
      FL /import/lab/esylab/esylab_01/Desktop/lt16lab/soc/lib/config.vhd \
      PB ieee/std_logic_1164 1308643377 PB work/wishbone 1446571583
PB work/config 1446571599 \
      FL /import/lab/esylab/esylab_01/Desktop/lt16lab/soc/lib/config.vhd \
      PH work/config 1446571598
FL /import/lab/esylab/esylab_01/Desktop/lt16lab/soc/lib/wishbone.vhd 2015/11/03.15:23:31 O.61xd
PH work/wishbone 1446571582 \
      FL /import/lab/esylab/esylab_01/Desktop/lt16lab/soc/lib/wishbone.vhd \
      PB ieee/std_logic_1164 1308643377 PB ieee/NUMERIC_STD 1308643378 \
      PB ieee/MATH_REAL 1308643377 PB work/lt16x32_global 1446571579
PB work/wishbone 1446571583 \
      FL /import/lab/esylab/esylab_01/Desktop/lt16lab/soc/lib/wishbone.vhd \
      PH work/wishbone 1446571582
FL /import/lab/esylab/esylab_01/Desktop/lt16lab/soc/mem/blockram.vhd 2015/11/03.15:23:31 O.61xd
EN work/blockram 1446571608 \
      FL /import/lab/esylab/esylab_01/Desktop/lt16lab/soc/mem/blockram.vhd \
      PB ieee/std_logic_1164 1308643377 PB ieee/STD_LOGIC_UNSIGNED 1308643379
AR work/blockram/syn 1446571609 \
      FL /import/lab/esylab/esylab_01/Desktop/lt16lab/soc/mem/blockram.vhd \
      EN work/blockram 1446571608
FL /import/lab/esylab/esylab_01/Desktop/lt16lab/soc/mem/dmem.vhd 2015/11/03.15:23:31 O.61xd
EN work/wb_dmem 1446571630 \
      FL /import/lab/esylab/esylab_01/Desktop/lt16lab/soc/mem/dmem.vhd \
      PB ieee/std_logic_1164 1308643377 PB ieee/NUMERIC_STD 1308643378 \
      PB work/lt16x32_global 1446571579 PB work/wishbone 1446571583 PB work/config 1446571599
AR work/wb_dmem/Behavioral 1446571631 \
      FL /import/lab/esylab/esylab_01/Desktop/lt16lab/soc/mem/dmem.vhd \
      EN work/wb_dmem 1446571630 CP blockram
FL /import/lab/esylab/esylab_01/Desktop/lt16lab/soc/mem/mem2wb.vhd 2015/11/03.15:23:31 O.61xd
EN work/mem2wb 1446571612 \
      FL /import/lab/esylab/esylab_01/Desktop/lt16lab/soc/mem/mem2wb.vhd \
      PB ieee/std_logic_1164 1308643377 PB ieee/NUMERIC_STD 1308643378 \
      PB work/lt16x32_internal 1446571581 PB work/lt16x32_global 1446571579 \
      PB work/wishbone 1446571583 PB work/config 1446571599
AR work/mem2wb/Behavioral 1446571613 \
      FL /import/lab/esylab/esylab_01/Desktop/lt16lab/soc/mem/mem2wb.vhd \
      EN work/mem2wb 1446571612
FL /import/lab/esylab/esylab_01/Desktop/lt16lab/soc/mem/memdiv.vhd 2015/11/03.15:23:31 O.61xd
EN work/memdiv 1446571610 \
      FL /import/lab/esylab/esylab_01/Desktop/lt16lab/soc/mem/memdiv.vhd \
      PB std/TEXTIO 1308643377 PB ieee/std_logic_1164 1308643377 \
      PB ieee/NUMERIC_STD 1308643378 PB work/lt16x32_global 1446571579 \
      PB work/config 1446571599
AR work/memdiv/RTL 1446571611 \
      FL /import/lab/esylab/esylab_01/Desktop/lt16lab/soc/mem/memdiv.vhd \
      EN work/memdiv 1446571610
FL /import/lab/esylab/esylab_01/Desktop/lt16lab/soc/mem/memories.vhd 2015/11/03.15:23:31 O.61xd
PH work/lt16soc_memories 1446571618 \
      FL /import/lab/esylab/esylab_01/Desktop/lt16lab/soc/mem/memories.vhd \
      PB ieee/std_logic_1164 1308643377 PB ieee/NUMERIC_STD 1308643378 \
      PB work/lt16x32_internal 1446571581 PB work/lt16x32_global 1446571579 \
      PB work/wishbone 1446571583 PB work/config 1446571599 CD wb_dmem \
      CD memwrapper
PB work/lt16soc_memories 1446571619 \
      FL /import/lab/esylab/esylab_01/Desktop/lt16lab/soc/mem/memories.vhd \
      PH work/lt16soc_memories 1446571618
FL /import/lab/esylab/esylab_01/Desktop/lt16lab/soc/mem/memwrapper.vhd 2015/11/03.15:23:31 O.61xd
EN work/memwrapper 1446571628 \
      FL /import/lab/esylab/esylab_01/Desktop/lt16lab/soc/mem/memwrapper.vhd \
      PB ieee/std_logic_1164 1308643377 PB ieee/NUMERIC_STD 1308643378 \
      PB work/lt16x32_internal 1446571581 PB work/lt16x32_global 1446571579 \
      PB work/wishbone 1446571583 PB work/config 1446571599
AR work/memwrapper/RTL 1446571629 \
      FL /import/lab/esylab/esylab_01/Desktop/lt16lab/soc/mem/memwrapper.vhd \
      EN work/memwrapper 1446571628 CP memdiv CP mem2wb
FL /import/lab/esylab/esylab_01/Desktop/lt16lab/soc/peripheral/led.vhd 2015/11/03.15:23:31 O.61xd
EN work/wb_led 1446571632 \
      FL /import/lab/esylab/esylab_01/Desktop/lt16lab/soc/peripheral/led.vhd \
      PB ieee/std_logic_1164 1308643377 PB ieee/NUMERIC_STD 1308643378 \
      PB work/lt16x32_global 1446571579 PB work/wishbone 1446571583 PB work/config 1446571599
AR work/wb_led/Behavioral 1446571633 \
      FL /import/lab/esylab/esylab_01/Desktop/lt16lab/soc/peripheral/led.vhd \
      EN work/wb_led 1446571632
FL /import/lab/esylab/esylab_01/Desktop/lt16lab/soc/peripheral/peripherals.vhd 2015/11/03.15:23:31 O.61xd
PH work/lt16soc_peripherals 1446571620 \
      FL /import/lab/esylab/esylab_01/Desktop/lt16lab/soc/peripheral/peripherals.vhd \
      PB ieee/std_logic_1164 1308643377 PB ieee/NUMERIC_STD 1308643378 \
      PB work/lt16x32_internal 1446571581 PB work/lt16x32_global 1446571579 \
      PB work/wishbone 1446571583 PB work/config 1446571599 CD wb_led
PB work/lt16soc_peripherals 1446571621 \
      FL /import/lab/esylab/esylab_01/Desktop/lt16lab/soc/peripheral/peripherals.vhd \
      PH work/lt16soc_peripherals 1446571620
FL /import/lab/esylab/esylab_01/Desktop/lt16lab/soc/top/top.vhd 2015/11/03.15:23:31 O.61xd
EN work/lt16soc_top 1446571634 \
      FL /import/lab/esylab/esylab_01/Desktop/lt16lab/soc/top/top.vhd \
      PB ieee/std_logic_1164 1308643377 PB ieee/NUMERIC_STD 1308643378 \
      PB work/lt16x32_internal 1446571581 PB work/lt16x32_global 1446571579 \
      PB work/wishbone 1446571583 PB work/config 1446571599 \
      PB work/lt16soc_memories 1446571619 PB work/lt16soc_peripherals 1446571621
AR work/lt16soc_top/RTL 1446571635 \
      FL /import/lab/esylab/esylab_01/Desktop/lt16lab/soc/top/top.vhd \
      EN work/lt16soc_top 1446571634 CP corewrapper CP irq_controller \
      CP wb_intercon CP memwrapper CP wb_dmem CP wb_led
FL /import/lab/esylab/esylab_01/Desktop/lt16lab/soc/top/wb_intercon.vhd 2015/11/03.15:23:31 O.61xd
EN work/wb_intercon 1446571626 \
      FL /import/lab/esylab/esylab_01/Desktop/lt16lab/soc/top/wb_intercon.vhd \
      PB ieee/std_logic_1164 1308643377 PB ieee/NUMERIC_STD 1308643378 \
      PB ieee/MATH_REAL 1308643377 PB work/wishbone 1446571583 PB work/config 1446571599
AR work/wb_intercon/RTL 1446571627 \
      FL /import/lab/esylab/esylab_01/Desktop/lt16lab/soc/top/wb_intercon.vhd \
      EN work/wb_intercon 1446571626
